---
source: fn-usage/tests/rust_analyzer/main.rs
expression: symbols_short
---
[
    (
        "main.rs",
        "    fn fmt(&self, f: &mut std::fmt::Formatter<'_>) -> std::fmt::Result {",
        "       ^",
    ),
    (
        "main.rs",
        "    fn impl_method(&self) {",
        "       ^",
    ),
    (
        "main.rs",
        "    fn in_foo() {",
        "       ^",
    ),
    (
        "main.rs",
        "fn foo() {",
        "   ^",
    ),
    (
        "main.rs",
        "fn main() {",
        "   ^",
    ),
    (
        "other_file.rs",
        "pub fn other_file_method() {}",
        "       ^",
    ),
]
